26-03-04 21:37:27.173 : 04_AGDN
26-03-04 21:37:27.391 : 0000001.png - PSNR: 25.66 dB
26-03-04 21:37:27.527 : 0000002.png - PSNR: 21.02 dB
26-03-04 21:37:27.696 : 0000003.png - PSNR: 26.42 dB
26-03-04 21:37:27.777 : 0000004.png - PSNR: 24.04 dB
26-03-04 21:37:28.028 : 0000005.png - PSNR: 25.10 dB
26-03-04 21:37:28.171 : 0000006.png - PSNR: 20.39 dB
26-03-04 21:37:28.312 : 0000007.png - PSNR: 19.04 dB
26-03-04 21:37:28.382 : 0000008.png - PSNR: 23.36 dB
26-03-04 21:37:28.505 : 0000009.png - PSNR: 23.25 dB
26-03-04 21:37:28.667 : 0000010.png - PSNR: 20.89 dB
26-03-04 21:37:28.818 : 0000011.png - PSNR: 25.69 dB
26-03-04 21:37:29.006 : 0000012.png - PSNR: 25.00 dB
26-03-04 21:37:29.224 : 0000013.png - PSNR: 26.87 dB
26-03-04 21:37:29.306 : 0000014.png - PSNR: 24.80 dB
26-03-04 21:37:29.383 : 0000015.png - PSNR: 22.91 dB
26-03-04 21:37:29.592 : 0000016.png - PSNR: 21.08 dB
26-03-04 21:37:29.702 : 0000017.png - PSNR: 22.51 dB
26-03-04 21:37:29.920 : 0000018.png - PSNR: 25.77 dB
26-03-04 21:37:30.133 : 0000019.png - PSNR: 22.55 dB
26-03-04 21:37:30.347 : 0000020.png - PSNR: 24.94 dB
26-03-04 21:37:30.494 : 0000021.png - PSNR: 24.18 dB
26-03-04 21:37:30.665 : 0000022.png - PSNR: 26.01 dB
26-03-04 21:37:30.879 : 0000023.png - PSNR: 31.46 dB
26-03-04 21:37:30.969 : 0000024.png - PSNR: 20.94 dB
26-03-04 21:37:31.145 : 0000025.png - PSNR: 25.85 dB
26-03-04 21:37:31.224 : 0000026.png - PSNR: 31.64 dB
26-03-04 21:37:31.333 : 0000027.png - PSNR: 22.42 dB
26-03-04 21:37:31.427 : 0000028.png - PSNR: 20.77 dB
26-03-04 21:37:31.565 : 0000029.png - PSNR: 24.54 dB
26-03-04 21:37:31.765 : 0000030.png - PSNR: 23.35 dB
26-03-04 21:37:31.820 : 0000031.png - PSNR: 35.53 dB
26-03-04 21:37:31.953 : 0000032.png - PSNR: 21.30 dB
26-03-04 21:37:32.031 : 0000033.png - PSNR: 24.58 dB
26-03-04 21:37:32.071 : 0000034.png - PSNR: 21.56 dB
26-03-04 21:37:32.146 : 0000035.png - PSNR: 27.42 dB
26-03-04 21:37:32.222 : 0000036.png - PSNR: 21.10 dB
26-03-04 21:37:32.374 : 0000037.png - PSNR: 23.58 dB
26-03-04 21:37:32.493 : 0000038.png - PSNR: 23.55 dB
26-03-04 21:37:32.664 : 0000039.png - PSNR: 22.50 dB
26-03-04 21:37:32.717 : 0000040.png - PSNR: 33.64 dB
26-03-04 21:37:32.868 : 0000041.png - PSNR: 24.72 dB
26-03-04 21:37:32.938 : 0000042.png - PSNR: 21.76 dB
26-03-04 21:37:33.190 : 0000043.png - PSNR: 23.11 dB
26-03-04 21:37:33.305 : 0000044.png - PSNR: 24.04 dB
26-03-04 21:37:33.359 : 0000045.png - PSNR: 25.35 dB
26-03-04 21:37:33.588 : 0000046.png - PSNR: 26.44 dB
26-03-04 21:37:33.861 : 0000047.png - PSNR: 21.38 dB
26-03-04 21:37:34.382 : 0000048.png - PSNR: 29.33 dB
26-03-04 21:37:34.796 : 0000049.png - PSNR: 24.84 dB
26-03-04 21:37:34.912 : 0000050.png - PSNR: 29.69 dB
26-03-04 21:37:35.008 : 0000051.png - PSNR: 23.71 dB
26-03-04 21:37:35.442 : 0000052.png - PSNR: 26.39 dB
26-03-04 21:37:36.003 : 0000053.png - PSNR: 31.97 dB
26-03-04 21:37:36.144 : 0000054.png - PSNR: 27.96 dB
26-03-04 21:37:36.247 : 0000055.png - PSNR: 27.07 dB
26-03-04 21:37:36.457 : 0000056.png - PSNR: 24.79 dB
26-03-04 21:37:36.515 : 0000057.png - PSNR: 22.50 dB
26-03-04 21:37:36.779 : 0000058.png - PSNR: 19.22 dB
26-03-04 21:37:36.977 : 0000059.png - PSNR: 23.22 dB
26-03-04 21:37:37.135 : 0000060.png - PSNR: 22.95 dB
26-03-04 21:37:37.324 : 0000061.png - PSNR: 23.88 dB
26-03-04 21:37:37.468 : 0000062.png - PSNR: 20.84 dB
26-03-04 21:37:37.547 : 0000063.png - PSNR: 21.34 dB
26-03-04 21:37:37.751 : 0000064.png - PSNR: 28.17 dB
26-03-04 21:37:37.941 : 0000065.png - PSNR: 20.90 dB
26-03-04 21:37:38.087 : 0000066.png - PSNR: 24.10 dB
26-03-04 21:37:38.174 : 0000067.png - PSNR: 23.01 dB
26-03-04 21:37:38.300 : 0000068.png - PSNR: 26.64 dB
26-03-04 21:37:38.437 : 0000069.png - PSNR: 29.27 dB
26-03-04 21:37:38.589 : 0000070.png - PSNR: 30.29 dB
26-03-04 21:37:38.698 : 0000071.png - PSNR: 26.94 dB
26-03-04 21:37:38.843 : 0000072.png - PSNR: 26.52 dB
26-03-04 21:37:38.991 : 0000073.png - PSNR: 22.20 dB
26-03-04 21:37:39.148 : 0000074.png - PSNR: 27.39 dB
26-03-04 21:37:39.279 : 0000075.png - PSNR: 28.90 dB
26-03-04 21:37:39.458 : 0000076.png - PSNR: 22.92 dB
26-03-04 21:37:39.517 : 0000077.png - PSNR: 24.40 dB
26-03-04 21:37:39.633 : 0000078.png - PSNR: 26.11 dB
26-03-04 21:37:39.751 : 0000079.png - PSNR: 24.35 dB
26-03-04 21:37:39.916 : 0000080.png - PSNR: 24.13 dB
26-03-04 21:37:40.047 : 0000081.png - PSNR: 23.74 dB
26-03-04 21:37:40.201 : 0000082.png - PSNR: 19.72 dB
26-03-04 21:37:40.342 : 0000083.png - PSNR: 29.92 dB
26-03-04 21:37:40.412 : 0000084.png - PSNR: 31.69 dB
26-03-04 21:37:40.476 : 0000085.png - PSNR: 25.01 dB
26-03-04 21:37:40.614 : 0000086.png - PSNR: 27.11 dB
26-03-04 21:37:40.717 : 0000087.png - PSNR: 31.35 dB
26-03-04 21:37:40.875 : 0000088.png - PSNR: 30.00 dB
26-03-04 21:37:40.942 : 0000089.png - PSNR: 22.55 dB
26-03-04 21:37:41.072 : 0000090.png - PSNR: 21.47 dB
26-03-04 21:37:41.213 : 0000091.png - PSNR: 22.04 dB
26-03-04 21:37:41.389 : 0000092.png - PSNR: 18.97 dB
26-03-04 21:37:41.488 : 0000093.png - PSNR: 24.87 dB
26-03-04 21:37:41.562 : 0000094.png - PSNR: 22.66 dB
26-03-04 21:37:41.637 : 0000095.png - PSNR: 26.44 dB
26-03-04 21:37:41.838 : 0000096.png - PSNR: 29.47 dB
26-03-04 21:37:41.907 : 0000097.png - PSNR: 29.52 dB
26-03-04 21:37:42.306 : 0000098.png - PSNR: 24.13 dB
26-03-04 21:37:42.386 : 0000099.png - PSNR: 21.66 dB
26-03-04 21:37:42.516 : 0000100.png - PSNR: 25.22 dB
26-03-04 21:37:42.883 : 0801.png - PSNR: 29.75 dB
26-03-04 21:37:43.218 : 0802.png - PSNR: 35.21 dB
26-03-04 21:37:43.618 : 0803.png - PSNR: 40.02 dB
26-03-04 21:37:43.923 : 0804.png - PSNR: 27.41 dB
26-03-04 21:37:44.346 : 0805.png - PSNR: 28.56 dB
26-03-04 21:37:44.692 : 0806.png - PSNR: 28.50 dB
26-03-04 21:37:44.989 : 0807.png - PSNR: 20.25 dB
26-03-04 21:37:45.325 : 0808.png - PSNR: 26.82 dB
26-03-04 21:37:45.709 : 0809.png - PSNR: 32.21 dB
26-03-04 21:37:46.194 : 0810.png - PSNR: 26.78 dB
26-03-04 21:37:46.551 : 0811.png - PSNR: 29.14 dB
26-03-04 21:37:46.965 : 0812.png - PSNR: 27.95 dB
26-03-04 21:37:47.326 : 0813.png - PSNR: 31.33 dB
26-03-04 21:37:47.647 : 0814.png - PSNR: 28.34 dB
26-03-04 21:37:47.995 : 0815.png - PSNR: 34.00 dB
26-03-04 21:37:48.341 : 0816.png - PSNR: 31.69 dB
26-03-04 21:37:48.732 : 0817.png - PSNR: 32.22 dB
26-03-04 21:37:49.138 : 0818.png - PSNR: 28.98 dB
26-03-04 21:37:49.488 : 0819.png - PSNR: 28.04 dB
26-03-04 21:37:49.881 : 0820.png - PSNR: 24.94 dB
26-03-04 21:37:50.255 : 0821.png - PSNR: 32.10 dB
26-03-04 21:37:50.721 : 0822.png - PSNR: 30.59 dB
26-03-04 21:37:51.097 : 0823.png - PSNR: 25.98 dB
26-03-04 21:37:51.459 : 0824.png - PSNR: 28.33 dB
26-03-04 21:37:51.817 : 0825.png - PSNR: 27.29 dB
26-03-04 21:37:52.236 : 0826.png - PSNR: 24.20 dB
26-03-04 21:37:52.661 : 0827.png - PSNR: 33.49 dB
26-03-04 21:37:53.014 : 0828.png - PSNR: 20.68 dB
26-03-04 21:37:53.349 : 0829.png - PSNR: 26.61 dB
26-03-04 21:37:53.531 : 0830.png - PSNR: 24.47 dB
26-03-04 21:37:53.904 : 0831.png - PSNR: 30.10 dB
26-03-04 21:37:54.282 : 0832.png - PSNR: 30.87 dB
26-03-04 21:37:54.711 : 0833.png - PSNR: 34.04 dB
26-03-04 21:37:55.039 : 0834.png - PSNR: 25.45 dB
26-03-04 21:37:55.512 : 0835.png - PSNR: 22.96 dB
26-03-04 21:37:55.937 : 0836.png - PSNR: 25.73 dB
26-03-04 21:37:56.299 : 0837.png - PSNR: 26.19 dB
26-03-04 21:37:56.610 : 0838.png - PSNR: 37.75 dB
26-03-04 21:37:56.940 : 0839.png - PSNR: 29.08 dB
26-03-04 21:37:57.301 : 0840.png - PSNR: 28.50 dB
26-03-04 21:37:57.670 : 0841.png - PSNR: 28.20 dB
26-03-04 21:37:58.019 : 0842.png - PSNR: 30.10 dB
26-03-04 21:37:58.322 : 0843.png - PSNR: 40.96 dB
26-03-04 21:37:58.675 : 0844.png - PSNR: 44.11 dB
26-03-04 21:37:59.033 : 0845.png - PSNR: 24.17 dB
26-03-04 21:37:59.411 : 0846.png - PSNR: 25.67 dB
26-03-04 21:37:59.775 : 0847.png - PSNR: 27.65 dB
26-03-04 21:38:00.179 : 0848.png - PSNR: 27.21 dB
26-03-04 21:38:00.545 : 0849.png - PSNR: 22.40 dB
26-03-04 21:38:00.903 : 0850.png - PSNR: 29.03 dB
26-03-04 21:38:01.249 : 0851.png - PSNR: 28.48 dB
26-03-04 21:38:01.501 : 0852.png - PSNR: 30.11 dB
26-03-04 21:38:01.833 : 0853.png - PSNR: 34.13 dB
26-03-04 21:38:02.120 : 0854.png - PSNR: 24.96 dB
26-03-04 21:38:02.654 : 0855.png - PSNR: 29.43 dB
26-03-04 21:38:02.985 : 0856.png - PSNR: 24.34 dB
26-03-04 21:38:03.369 : 0857.png - PSNR: 34.93 dB
26-03-04 21:38:03.734 : 0858.png - PSNR: 28.56 dB
26-03-04 21:38:04.084 : 0859.png - PSNR: 25.63 dB
26-03-04 21:38:04.544 : 0860.png - PSNR: 20.65 dB
26-03-04 21:38:04.924 : 0861.png - PSNR: 23.09 dB
26-03-04 21:38:05.287 : 0862.png - PSNR: 33.15 dB
26-03-04 21:38:05.706 : 0863.png - PSNR: 33.23 dB
26-03-04 21:38:06.084 : 0864.png - PSNR: 29.93 dB
26-03-04 21:38:06.491 : 0865.png - PSNR: 27.28 dB
26-03-04 21:38:06.872 : 0866.png - PSNR: 25.24 dB
26-03-04 21:38:07.246 : 0867.png - PSNR: 28.42 dB
26-03-04 21:38:07.551 : 0868.png - PSNR: 32.76 dB
26-03-04 21:38:07.909 : 0869.png - PSNR: 23.77 dB
26-03-04 21:38:08.361 : 0870.png - PSNR: 28.64 dB
26-03-04 21:38:08.734 : 0871.png - PSNR: 32.06 dB
26-03-04 21:38:09.083 : 0872.png - PSNR: 24.04 dB
26-03-04 21:38:09.477 : 0873.png - PSNR: 23.98 dB
26-03-04 21:38:09.850 : 0874.png - PSNR: 30.15 dB
26-03-04 21:38:10.312 : 0875.png - PSNR: 24.35 dB
26-03-04 21:38:10.677 : 0876.png - PSNR: 22.21 dB
26-03-04 21:38:10.948 : 0877.png - PSNR: 40.20 dB
26-03-04 21:38:11.448 : 0878.png - PSNR: 32.08 dB
26-03-04 21:38:11.969 : 0879.png - PSNR: 27.30 dB
26-03-04 21:38:12.318 : 0880.png - PSNR: 32.30 dB
26-03-04 21:38:12.650 : 0881.png - PSNR: 25.92 dB
26-03-04 21:38:13.017 : 0882.png - PSNR: 34.21 dB
26-03-04 21:38:13.425 : 0883.png - PSNR: 26.40 dB
26-03-04 21:38:13.776 : 0884.png - PSNR: 25.90 dB
26-03-04 21:38:14.156 : 0885.png - PSNR: 22.97 dB
26-03-04 21:38:14.502 : 0886.png - PSNR: 36.42 dB
26-03-04 21:38:14.867 : 0887.png - PSNR: 25.28 dB
26-03-04 21:38:15.239 : 0888.png - PSNR: 30.49 dB
26-03-04 21:38:15.627 : 0889.png - PSNR: 30.83 dB
26-03-04 21:38:15.985 : 0890.png - PSNR: 25.26 dB
26-03-04 21:38:16.482 : 0891.png - PSNR: 26.67 dB
26-03-04 21:38:16.820 : 0892.png - PSNR: 29.90 dB
26-03-04 21:38:17.170 : 0893.png - PSNR: 33.19 dB
26-03-04 21:38:17.542 : 0894.png - PSNR: 31.74 dB
26-03-04 21:38:17.892 : 0895.png - PSNR: 20.45 dB
26-03-04 21:38:18.247 : 0896.png - PSNR: 39.07 dB
26-03-04 21:38:18.594 : 0897.png - PSNR: 22.22 dB
26-03-04 21:38:18.942 : 0898.png - PSNR: 34.53 dB
26-03-04 21:38:19.306 : 0899.png - PSNR: 31.06 dB
26-03-04 21:38:19.634 : 0900.png - PSNR: 28.01 dB
26-03-04 21:38:19.634 :       Max Memory : 347.606 [M]
26-03-04 21:38:19.635 : ------> Average runtime of (valid) is : 29.471647 milliseconds
26-03-04 21:38:19.635 : ------> Average PSNR of (valid) is : 26.897085 dB
26-03-04 21:38:19.660 :     #Activations : 153.8212 [M]
26-03-04 21:38:19.661 :          #Conv2d : 102
26-03-04 21:38:20.318 :            FLOPs : 2.6811 [G]
26-03-04 21:38:20.319 :          #Params : 0.0378 [M]
